// Jest Snapshot v1, https://goo.gl/fbAQLP

exports[`DOCS: Back Snapshot Test renders a link 1`] = `
<a
  onClick={[Function]}
>
  Button
</a>
`;
