// Jest Snapshot v1, https://goo.gl/fbAQLP

exports[`DOCS: Navigation Snapshot Test renders navigation woth a list of props 1`] = `
<div>
  <div
    id="navigation-logo"
  >
    <h4>
      bui React
    </h4>
  </div>
  <div
    id="navigation-items"
  >
    <ul
      className="navigation"
    >
      <li
        className="bui-react-docs-component-name active"
      >
        <a
          onClick={[Function]}
        >
          Getting started
        </a>
      </li>
      <li
        className="bui-react-docs-component-name "
      >
        <a
          onClick={[Function]}
        >
          Theming
        </a>
      </li>
      <li
        className="bui-react-docs-component-name "
      >
        <a
          onClick={[Function]}
        >
          Button
        </a>
      </li>
      <li
        className="bui-react-docs-component-name "
      >
        <a
          onClick={[Function]}
        >
          Icon
        </a>
      </li>
    </ul>
  </div>
</div>
`;
